// Jest Snapshot v1, https://goo.gl/fbAQLP

exports[`Pruebas en <LoginScreen /> debe de mostrarse correctamente 1`] = `
<section
  className="container mt-5"
>
  <h1>
    Login
  </h1>
  <hr />
  <button
    className="btn btn-outline-success"
    onClick={[Function]}
  >
    Login
  </button>
</section>
`;
